// Jest Snapshot v1, https://goo.gl/fbAQLP

exports[`Chart Component renders properly Component renders successfully 1`] = `"<div class=\\"report-container__picker\\"><div class=\\"ant-picker ant-picker-range report_input_test\\"><div class=\\"ant-picker-input ant-picker-input-active\\"><input readonly=\\"\\" placeholder=\\"Start date\\" size=\\"12\\" autocomplete=\\"off\\" value=\\"\\"></div><div class=\\"ant-picker-range-separator\\"><span aria-label=\\"to\\" class=\\"ant-picker-separator\\"><span role=\\"img\\" aria-label=\\"swap-right\\" class=\\"anticon anticon-swap-right\\"><svg viewBox=\\"0 0 1024 1024\\" focusable=\\"false\\" class=\\"\\" data-icon=\\"swap-right\\" width=\\"1em\\" height=\\"1em\\" fill=\\"currentColor\\" aria-hidden=\\"true\\"><path d=\\"M873.1 596.2l-164-208A32 32 0 00684 376h-64.8c-6.7 0-10.4 7.7-6.3 13l144.3 183H152c-4.4 0-8 3.6-8 8v60c0 4.4 3.6 8 8 8h695.9c26.8 0 41.7-30.8 25.2-51.8z\\"></path></svg></span></span></div><div class=\\"ant-picker-input\\"><input readonly=\\"\\" placeholder=\\"End date\\" size=\\"12\\" autocomplete=\\"off\\" value=\\"\\"></div><div class=\\"ant-picker-active-bar\\" style=\\"left: 0px; width: 0px; position: absolute;\\"></div><span class=\\"ant-picker-suffix\\"><span role=\\"img\\" aria-label=\\"filter\\" class=\\"anticon anticon-filter\\"><svg viewBox=\\"64 64 896 896\\" focusable=\\"false\\" class=\\"\\" data-icon=\\"filter\\" width=\\"1em\\" height=\\"1em\\" fill=\\"currentColor\\" aria-hidden=\\"true\\"><path d=\\"M349 838c0 17.7 14.2 32 31.8 32h262.4c17.6 0 31.8-14.3 31.8-32V642H349v196zm531.1-684H143.9c-24.5 0-39.8 26.7-27.5 48l221.3 376h348.8l221.3-376c12.1-21.3-3.2-48-27.7-48z\\"></path></svg></span></span></div></div><div class=\\"ui divider\\"></div><button class=\\"ui button k-button\\">Export as PDF</button><div class=\\"k-chart k-widget\\" style=\\"position: relative;\\"><div class=\\"k-chart-surface\\" style=\\"position: relative;\\"><svg style=\\"width: 100%; height: 100%; overflow: hidden;\\" xmlns=\\"http://www.w3.org/2000/svg\\" xmlns:xlink=\\"http://www.w3.org/1999/xlink\\" version=\\"1.1\\"><defs><clipPath id=\\"kdef1\\"><path d=\\"M24.5 25.5 L 553.5 25.5 553.5 376.5 24.5 376.5Z\\" stroke=\\"#000\\" stroke-linejoin=\\"miter\\" fill=\\"none\\"></path></clipPath></defs><g><path d=\\"M0 0 L 600 0 600 400 0 400Z\\" stroke=\\"none\\" fill=\\"none\\"></path><path d=\\"M24 25 L 553 25 553 376 24 376Z\\" stroke=\\"none\\" fill=\\"#fff\\" fill-opacity=\\"0\\"></path><g><g><path d=\\"M24.5 25.5 L 553.5 25.5\\" stroke=\\"none\\" fill=\\"none\\"></path></g><g><path d=\\"M83.5 25.5 L 83.5 376.5\\" stroke=\\"none\\" fill=\\"none\\"></path><path d=\\"M142.5 25.5 L 142.5 376.5\\" stroke=\\"none\\" fill=\\"none\\"></path><path d=\\"M200.5 25.5 L 200.5 376.5\\" stroke=\\"none\\" fill=\\"none\\"></path><path d=\\"M259.5 25.5 L 259.5 376.5\\" stroke=\\"none\\" fill=\\"none\\"></path><path d=\\"M318.5 25.5 L 318.5 376.5\\" stroke=\\"none\\" fill=\\"none\\"></path><path d=\\"M377.5 25.5 L 377.5 376.5\\" stroke=\\"none\\" fill=\\"none\\"></path><path d=\\"M435.5 25.5 L 435.5 376.5\\" stroke=\\"none\\" fill=\\"none\\"></path><path d=\\"M494.5 25.5 L 494.5 376.5\\" stroke=\\"none\\" fill=\\"none\\"></path><path d=\\"M553.5 25.5 L 553.5 376.5\\" stroke=\\"none\\" fill=\\"none\\"></path></g><g><g><g><path d=\\"M24.5 25.5 L 24.5 376.5\\" stroke=\\"none\\" fill=\\"none\\"></path><path d=\\"M20.5 25.5 L 24.5 25.5\\" stroke=\\"none\\" fill=\\"none\\"></path><path d=\\"M20.5 376.5 L 24.5 376.5\\" stroke=\\"none\\" fill=\\"none\\"></path></g></g></g><g clip-path=\\"url(#kdef1)\\"><g transform=\\"matrix(0,0,0,1,0,0)\\"><g><g><path d=\\"M24.5 130.5 L 494.5 130.5 494.5 271.5 24.5 271.5Z\\" stroke=\\"#006600\\" stroke-width=\\"1\\" stroke-opacity=\\"1\\" fill=\\"green\\" fill-opacity=\\"1\\"></path></g></g></g></g><g transform=\\"matrix(0,-1,1,0,-196,211)\\"><text style=\\"font: ;white-space:pre;\\" x=\\"10\\" y=\\"202\\" stroke=\\"none\\" fill=\\"none\\">Accounts</text></g><g><text style=\\"font: ;white-space:pre;\\" x=\\"16\\" y=\\"201.5\\" stroke=\\"none\\" fill=\\"none\\">dtrdtr</text></g><g><g><path d=\\"M24.5 376.5 L 553.5 376.5\\" stroke=\\"none\\" fill=\\"none\\"></path><path d=\\"M24.5 376.5 L 24.5 380.5\\" stroke=\\"none\\" fill=\\"none\\"></path><path d=\\"M83.5 376.5 L 83.5 380.5\\" stroke=\\"none\\" fill=\\"none\\"></path><path d=\\"M142.5 376.5 L 142.5 380.5\\" stroke=\\"none\\" fill=\\"none\\"></path><path d=\\"M200.5 376.5 L 200.5 380.5\\" stroke=\\"none\\" fill=\\"none\\"></path><path d=\\"M259.5 376.5 L 259.5 380.5\\" stroke=\\"none\\" fill=\\"none\\"></path><path d=\\"M318.5 376.5 L 318.5 380.5\\" stroke=\\"none\\" fill=\\"none\\"></path><path d=\\"M377.5 376.5 L 377.5 380.5\\" stroke=\\"none\\" fill=\\"none\\"></path><path d=\\"M435.5 376.5 L 435.5 380.5\\" stroke=\\"none\\" fill=\\"none\\"></path><path d=\\"M494.5 376.5 L 494.5 380.5\\" stroke=\\"none\\" fill=\\"none\\"></path><path d=\\"M553.5 376.5 L 553.5 380.5\\" stroke=\\"none\\" fill=\\"none\\"></path></g></g><g><text style=\\"font: ;white-space:pre;\\" x=\\"24.5\\" y=\\"386\\" stroke=\\"none\\" fill=\\"none\\">0</text></g><g><text style=\\"font: ;white-space:pre;\\" x=\\"83.278\\" y=\\"386\\" stroke=\\"none\\" fill=\\"none\\">500</text></g><g><text style=\\"font: ;white-space:pre;\\" x=\\"142.056\\" y=\\"386\\" stroke=\\"none\\" fill=\\"none\\">1000</text></g><g><text style=\\"font: ;white-space:pre;\\" x=\\"200.833\\" y=\\"386\\" stroke=\\"none\\" fill=\\"none\\">1500</text></g><g><text style=\\"font: ;white-space:pre;\\" x=\\"259.611\\" y=\\"386\\" stroke=\\"none\\" fill=\\"none\\">2000</text></g><g><text style=\\"font: ;white-space:pre;\\" x=\\"318.389\\" y=\\"386\\" stroke=\\"none\\" fill=\\"none\\">2500</text></g><g><text style=\\"font: ;white-space:pre;\\" x=\\"377.167\\" y=\\"386\\" stroke=\\"none\\" fill=\\"none\\">3000</text></g><g><text style=\\"font: ;white-space:pre;\\" x=\\"435.944\\" y=\\"386\\" stroke=\\"none\\" fill=\\"none\\">3500</text></g><g><text style=\\"font: ;white-space:pre;\\" x=\\"494.722\\" y=\\"386\\" stroke=\\"none\\" fill=\\"none\\">4000</text></g><g><text style=\\"font: ;white-space:pre;\\" x=\\"553.5\\" y=\\"386\\" stroke=\\"none\\" fill=\\"none\\">4500</text></g><g><text style=\\"font: ;white-space:pre;\\" x=\\"289.5\\" y=\\"391\\" stroke=\\"none\\" fill=\\"none\\">Income</text></g></g><g><g><text style=\\"font:12pt sans-serif;white-space:pre;\\" x=\\"300.5\\" y=\\"16\\" stroke=\\"none\\" fill=\\"none\\">Income: 4000</text></g></g><g></g><g><g><g transform=\\"matrix(1,0,0,1,564,196)\\"><path d=\\"M0 0 L 15 0 15 3 0 3Z\\" stroke=\\"green\\" stroke-width=\\"0\\" fill=\\"green\\"></path><g><text style=\\"font: ;white-space:pre;\\" x=\\"21\\" y=\\"2.5\\" stroke=\\"none\\" fill=\\"none\\">Income</text></g><path style=\\"cursor:pointer;\\" d=\\"M0 0 L 21 0 21 3 0 3Z\\" stroke=\\"none\\" fill=\\"#fff\\" fill-opacity=\\"0\\"></path></g></g></g><g></g></g></svg></div></div><div class=\\"ui divider\\"></div><br><button class=\\"ui button k-button\\">Export as PDF</button><div class=\\"k-chart k-widget\\" style=\\"position: relative;\\"><div class=\\"k-chart-surface\\" style=\\"position: relative;\\"><svg style=\\"width: 100%; height: 100%; overflow: hidden;\\" xmlns=\\"http://www.w3.org/2000/svg\\" xmlns:xlink=\\"http://www.w3.org/1999/xlink\\" version=\\"1.1\\"><defs><clipPath id=\\"kdef2\\"><path d=\\"M24.5 25.5 L 553.5 25.5 553.5 376.5 24.5 376.5Z\\" stroke=\\"#000\\" stroke-linejoin=\\"miter\\" fill=\\"none\\"></path></clipPath></defs><g><path d=\\"M0 0 L 600 0 600 400 0 400Z\\" stroke=\\"none\\" fill=\\"none\\"></path><path d=\\"M24 25 L 553 25 553 376 24 376Z\\" stroke=\\"none\\" fill=\\"#fff\\" fill-opacity=\\"0\\"></path><g><g><path d=\\"M24.5 25.5 L 553.5 25.5\\" stroke=\\"none\\" fill=\\"none\\"></path></g><g><path d=\\"M83.5 25.5 L 83.5 376.5\\" stroke=\\"none\\" fill=\\"none\\"></path><path d=\\"M142.5 25.5 L 142.5 376.5\\" stroke=\\"none\\" fill=\\"none\\"></path><path d=\\"M200.5 25.5 L 200.5 376.5\\" stroke=\\"none\\" fill=\\"none\\"></path><path d=\\"M259.5 25.5 L 259.5 376.5\\" stroke=\\"none\\" fill=\\"none\\"></path><path d=\\"M318.5 25.5 L 318.5 376.5\\" stroke=\\"none\\" fill=\\"none\\"></path><path d=\\"M377.5 25.5 L 377.5 376.5\\" stroke=\\"none\\" fill=\\"none\\"></path><path d=\\"M435.5 25.5 L 435.5 376.5\\" stroke=\\"none\\" fill=\\"none\\"></path><path d=\\"M494.5 25.5 L 494.5 376.5\\" stroke=\\"none\\" fill=\\"none\\"></path><path d=\\"M553.5 25.5 L 553.5 376.5\\" stroke=\\"none\\" fill=\\"none\\"></path></g><g><g><g><path d=\\"M24.5 25.5 L 24.5 376.5\\" stroke=\\"none\\" fill=\\"none\\"></path><path d=\\"M20.5 25.5 L 24.5 25.5\\" stroke=\\"none\\" fill=\\"none\\"></path><path d=\\"M20.5 376.5 L 24.5 376.5\\" stroke=\\"none\\" fill=\\"none\\"></path></g></g></g><g clip-path=\\"url(#kdef2)\\"><g transform=\\"matrix(0,0,0,1,0,0)\\"><g><g><path d=\\"M24.5 130.5 L 503.5 130.5 503.5 271.5 24.5 271.5Z\\" stroke=\\"#cc0000\\" stroke-width=\\"1\\" stroke-opacity=\\"1\\" fill=\\"red\\" fill-opacity=\\"1\\"></path></g></g></g></g><g transform=\\"matrix(0,-1,1,0,-196,211)\\"><text style=\\"font: ;white-space:pre;\\" x=\\"10\\" y=\\"202\\" stroke=\\"none\\" fill=\\"none\\">Accounts</text></g><g><text style=\\"font: ;white-space:pre;\\" x=\\"16\\" y=\\"201.5\\" stroke=\\"none\\" fill=\\"none\\">dtrdtr</text></g><g><g><path d=\\"M24.5 376.5 L 553.5 376.5\\" stroke=\\"none\\" fill=\\"none\\"></path><path d=\\"M24.5 376.5 L 24.5 380.5\\" stroke=\\"none\\" fill=\\"none\\"></path><path d=\\"M83.5 376.5 L 83.5 380.5\\" stroke=\\"none\\" fill=\\"none\\"></path><path d=\\"M142.5 376.5 L 142.5 380.5\\" stroke=\\"none\\" fill=\\"none\\"></path><path d=\\"M200.5 376.5 L 200.5 380.5\\" stroke=\\"none\\" fill=\\"none\\"></path><path d=\\"M259.5 376.5 L 259.5 380.5\\" stroke=\\"none\\" fill=\\"none\\"></path><path d=\\"M318.5 376.5 L 318.5 380.5\\" stroke=\\"none\\" fill=\\"none\\"></path><path d=\\"M377.5 376.5 L 377.5 380.5\\" stroke=\\"none\\" fill=\\"none\\"></path><path d=\\"M435.5 376.5 L 435.5 380.5\\" stroke=\\"none\\" fill=\\"none\\"></path><path d=\\"M494.5 376.5 L 494.5 380.5\\" stroke=\\"none\\" fill=\\"none\\"></path><path d=\\"M553.5 376.5 L 553.5 380.5\\" stroke=\\"none\\" fill=\\"none\\"></path></g></g><g><text style=\\"font: ;white-space:pre;\\" x=\\"24.5\\" y=\\"386\\" stroke=\\"none\\" fill=\\"none\\">0</text></g><g><text style=\\"font: ;white-space:pre;\\" x=\\"83.278\\" y=\\"386\\" stroke=\\"none\\" fill=\\"none\\">2000</text></g><g><text style=\\"font: ;white-space:pre;\\" x=\\"142.056\\" y=\\"386\\" stroke=\\"none\\" fill=\\"none\\">4000</text></g><g><text style=\\"font: ;white-space:pre;\\" x=\\"200.833\\" y=\\"386\\" stroke=\\"none\\" fill=\\"none\\">6000</text></g><g><text style=\\"font: ;white-space:pre;\\" x=\\"259.611\\" y=\\"386\\" stroke=\\"none\\" fill=\\"none\\">8000</text></g><g><text style=\\"font: ;white-space:pre;\\" x=\\"318.389\\" y=\\"386\\" stroke=\\"none\\" fill=\\"none\\">10000</text></g><g><text style=\\"font: ;white-space:pre;\\" x=\\"377.167\\" y=\\"386\\" stroke=\\"none\\" fill=\\"none\\">12000</text></g><g><text style=\\"font: ;white-space:pre;\\" x=\\"435.944\\" y=\\"386\\" stroke=\\"none\\" fill=\\"none\\">14000</text></g><g><text style=\\"font: ;white-space:pre;\\" x=\\"494.722\\" y=\\"386\\" stroke=\\"none\\" fill=\\"none\\">16000</text></g><g><text style=\\"font: ;white-space:pre;\\" x=\\"553.5\\" y=\\"386\\" stroke=\\"none\\" fill=\\"none\\">18000</text></g><g><text style=\\"font: ;white-space:pre;\\" x=\\"289.5\\" y=\\"391\\" stroke=\\"none\\" fill=\\"none\\">Expense</text></g></g><g><g><text style=\\"font:12pt sans-serif;white-space:pre;\\" x=\\"300.5\\" y=\\"16\\" stroke=\\"none\\" fill=\\"none\\">Expense: 16312</text></g></g><g></g><g><g><g transform=\\"matrix(1,0,0,1,564,196)\\"><path d=\\"M0 0 L 15 0 15 3 0 3Z\\" stroke=\\"red\\" stroke-width=\\"0\\" fill=\\"red\\"></path><g><text style=\\"font: ;white-space:pre;\\" x=\\"21\\" y=\\"2.5\\" stroke=\\"none\\" fill=\\"none\\">Expense</text></g><path style=\\"cursor:pointer;\\" d=\\"M0 0 L 21 0 21 3 0 3Z\\" stroke=\\"none\\" fill=\\"#fff\\" fill-opacity=\\"0\\"></path></g></g></g><g></g></g></svg></div></div><div class=\\"ui divider\\"></div>"`;

exports[`Chart component renders properly with no data Component renders successfully 1`] = `"<div class=\\"report-container__picker\\"><div class=\\"ant-picker ant-picker-range report_input_test\\"><div class=\\"ant-picker-input ant-picker-input-active\\"><input readonly=\\"\\" placeholder=\\"Start date\\" size=\\"12\\" autocomplete=\\"off\\" value=\\"\\"></div><div class=\\"ant-picker-range-separator\\"><span aria-label=\\"to\\" class=\\"ant-picker-separator\\"><span role=\\"img\\" aria-label=\\"swap-right\\" class=\\"anticon anticon-swap-right\\"><svg viewBox=\\"0 0 1024 1024\\" focusable=\\"false\\" class=\\"\\" data-icon=\\"swap-right\\" width=\\"1em\\" height=\\"1em\\" fill=\\"currentColor\\" aria-hidden=\\"true\\"><path d=\\"M873.1 596.2l-164-208A32 32 0 00684 376h-64.8c-6.7 0-10.4 7.7-6.3 13l144.3 183H152c-4.4 0-8 3.6-8 8v60c0 4.4 3.6 8 8 8h695.9c26.8 0 41.7-30.8 25.2-51.8z\\"></path></svg></span></span></div><div class=\\"ant-picker-input\\"><input readonly=\\"\\" placeholder=\\"End date\\" size=\\"12\\" autocomplete=\\"off\\" value=\\"\\"></div><div class=\\"ant-picker-active-bar\\" style=\\"left: 0px; width: 0px; position: absolute;\\"></div><span class=\\"ant-picker-suffix\\"><span role=\\"img\\" aria-label=\\"filter\\" class=\\"anticon anticon-filter\\"><svg viewBox=\\"64 64 896 896\\" focusable=\\"false\\" class=\\"\\" data-icon=\\"filter\\" width=\\"1em\\" height=\\"1em\\" fill=\\"currentColor\\" aria-hidden=\\"true\\"><path d=\\"M349 838c0 17.7 14.2 32 31.8 32h262.4c17.6 0 31.8-14.3 31.8-32V642H349v196zm531.1-684H143.9c-24.5 0-39.8 26.7-27.5 48l221.3 376h348.8l221.3-376c12.1-21.3-3.2-48-27.7-48z\\"></path></svg></span></span></div></div><div class=\\"ui divider\\"></div><div class=\\"transactions-form__empty\\">You don't have any transactions within the selected date range</div>"`;
