// Jest Snapshot v1, https://goo.gl/fbAQLP

exports[`Chart Component renders properly Component renders successfully 1`] = `"<div class=\\"report-container__picker\\"><div class=\\"ant-picker ant-picker-range report_input_test\\"><div class=\\"ant-picker-input ant-picker-input-active\\"><input readonly=\\"\\" placeholder=\\"Start date\\" size=\\"12\\" autocomplete=\\"off\\" value=\\"\\"></div><div class=\\"ant-picker-range-separator\\"><span aria-label=\\"to\\" class=\\"ant-picker-separator\\"><span role=\\"img\\" aria-label=\\"swap-right\\" class=\\"anticon anticon-swap-right\\"><svg viewBox=\\"0 0 1024 1024\\" focusable=\\"false\\" class=\\"\\" data-icon=\\"swap-right\\" width=\\"1em\\" height=\\"1em\\" fill=\\"currentColor\\" aria-hidden=\\"true\\"><path d=\\"M873.1 596.2l-164-208A32 32 0 00684 376h-64.8c-6.7 0-10.4 7.7-6.3 13l144.3 183H152c-4.4 0-8 3.6-8 8v60c0 4.4 3.6 8 8 8h695.9c26.8 0 41.7-30.8 25.2-51.8z\\"></path></svg></span></span></div><div class=\\"ant-picker-input\\"><input readonly=\\"\\" placeholder=\\"End date\\" size=\\"12\\" autocomplete=\\"off\\" value=\\"\\"></div><div class=\\"ant-picker-active-bar\\" style=\\"left: 0px; width: 0px; position: absolute;\\"></div><span class=\\"ant-picker-suffix\\"><span role=\\"img\\" aria-label=\\"filter\\" class=\\"anticon anticon-filter\\"><svg viewBox=\\"64 64 896 896\\" focusable=\\"false\\" class=\\"\\" data-icon=\\"filter\\" width=\\"1em\\" height=\\"1em\\" fill=\\"currentColor\\" aria-hidden=\\"true\\"><path d=\\"M349 838c0 17.7 14.2 32 31.8 32h262.4c17.6 0 31.8-14.3 31.8-32V642H349v196zm531.1-684H143.9c-24.5 0-39.8 26.7-27.5 48l221.3 376h348.8l221.3-376c12.1-21.3-3.2-48-27.7-48z\\"></path></svg></span></span></div></div><div class=\\"ui divider\\"></div><button class=\\"ui button k-button\\">Export as PDF</button><div class=\\"k-chart k-widget\\" style=\\"position: relative;\\"><div class=\\"k-chart-surface\\" style=\\"position: relative;\\"><svg style=\\"width: 100%; height: 100%; overflow: hidden;\\" xmlns=\\"http://www.w3.org/2000/svg\\" xmlns:xlink=\\"http://www.w3.org/1999/xlink\\" version=\\"1.1\\"><defs></defs><g><path d=\\"M0 0 L 600 0 600 400 0 400Z\\" stroke=\\"none\\" fill=\\"none\\"></path><path d=\\"M0 0 L 0 0 0 0 0 0Z\\" stroke=\\"none\\" fill=\\"#fff\\" fill-opacity=\\"0\\"></path><g><g></g></g><g><g><text style=\\"font:12pt sans-serif;white-space:pre;\\" x=\\"300.5\\" y=\\"16\\" stroke=\\"none\\" fill=\\"none\\">Income Detail</text></g></g><g></g><g><g><g transform=\\"matrix(1,0,0,1,564,196)\\"><g><text style=\\"font: ;white-space:pre;\\" x=\\"21\\" y=\\"2.5\\" stroke=\\"none\\" fill=\\"none\\">qw</text></g><path style=\\"cursor:pointer;\\" d=\\"M0 0 L 21 0 21 3 0 3Z\\" stroke=\\"none\\" fill=\\"#fff\\" fill-opacity=\\"0\\"></path></g></g></g><g><g><path d=\\"M279.5 347.5 L 279.5 365.5 325.166 365.5\\" stroke=\\"#939393\\" stroke-width=\\"2\\" fill=\\"none\\"></path><g transform=\\"matrix(0,0,0,0,279.5,210)\\"><path d=\\"M279.5 80.5 C 313.403 80.5 347.097 94.457 371.07 118.43 395.043 142.403 409 176.097 409 210 409 243.903 395.043 277.597 371.07 301.57 347.097 325.543 313.403 339.5 279.5 339.5 245.597 339.5 211.903 325.543 187.93 301.57 163.957 277.597 150 243.903 150 210 150 176.097 163.957 142.403 187.93 118.43 211.903 94.457 245.597 80.5 279.5 80.5 L 279.5 210Z\\" stroke=\\"none\\" fill=\\"none\\"></path></g><g opacity=\\"0\\"><text style=\\"font: ;white-space:pre;\\" x=\\"341.165631459995\\" y=\\"366.5\\" stroke=\\"none\\" fill=\\"none\\">qw-4000</text></g></g></g></g></svg></div></div><div class=\\"ui divider\\"></div><br><button class=\\"ui button k-button\\">Export as PDF</button><div class=\\"k-chart k-widget\\" style=\\"position: relative;\\"><div class=\\"k-chart-surface\\" style=\\"position: relative;\\"><svg style=\\"width: 100%; height: 100%; overflow: hidden;\\" xmlns=\\"http://www.w3.org/2000/svg\\" xmlns:xlink=\\"http://www.w3.org/1999/xlink\\" version=\\"1.1\\"><defs></defs><g><path d=\\"M0 0 L 600 0 600 400 0 400Z\\" stroke=\\"none\\" fill=\\"none\\"></path><path d=\\"M0 0 L 0 0 0 0 0 0Z\\" stroke=\\"none\\" fill=\\"#fff\\" fill-opacity=\\"0\\"></path><g><g></g></g><g><g><text style=\\"font:12pt sans-serif;white-space:pre;\\" x=\\"300.5\\" y=\\"16\\" stroke=\\"none\\" fill=\\"none\\">Expense Detail</text></g></g><g></g><g><g><g transform=\\"matrix(1,0,0,1,564,194.5)\\"><g><text style=\\"font: ;white-space:pre;\\" x=\\"21\\" y=\\"2.5\\" stroke=\\"none\\" fill=\\"none\\">qw</text></g><path style=\\"cursor:pointer;\\" d=\\"M0 0 L 21 0 21 3 0 3Z\\" stroke=\\"none\\" fill=\\"#fff\\" fill-opacity=\\"0\\"></path></g><g transform=\\"matrix(1,0,0,1,564,197.5)\\"><g><text style=\\"font: ;white-space:pre;\\" x=\\"21\\" y=\\"2.5\\" stroke=\\"none\\" fill=\\"none\\">asdasd</text></g><path style=\\"cursor:pointer;\\" d=\\"M0 0 L 21 0 21 3 0 3Z\\" stroke=\\"none\\" fill=\\"#fff\\" fill-opacity=\\"0\\"></path></g></g></g><g><g><path d=\\"M375.256 111.323 L 383.638 82.5 387.638 82.5\\" stroke=\\"#939393\\" stroke-width=\\"2\\" fill=\\"none\\"></path><path d=\\"M183.744 308.677 L 173.241 319.5 164.74 319.5\\" stroke=\\"#939393\\" stroke-width=\\"2\\" fill=\\"none\\"></path><g transform=\\"matrix(0,0,0,0,279.5,210)\\"><path d=\\"M279.5 80.5 C 312.755 80.5 345.819 93.906 369.684 117.064 393.55 140.223 407.943 172.87 408.942 206.11 L 279.5 210Z\\" stroke=\\"none\\" fill=\\"none\\"></path></g><g transform=\\"matrix(0,0,0,0,279.5,210)\\"><path d=\\"M408.942 206.11 C 409.82 235.342 400.432 264.781 382.793 288.108 365.154 311.435 339.385 328.488 311.019 335.606 282.654 342.724 251.886 339.858 225.323 327.623 198.761 315.388 176.585 293.869 163.558 267.686 150.531 241.502 146.741 210.835 153.004 182.268 159.267 153.702 175.538 127.432 198.324 109.1 221.11 90.768 250.255 80.5 279.5 80.5 L 279.5 210Z\\" stroke=\\"none\\" fill=\\"none\\"></path></g><g opacity=\\"0\\"><text style=\\"font: ;white-space:pre;\\" x=\\"403.6378491276638\\" y=\\"83.5\\" stroke=\\"none\\" fill=\\"none\\">qw-4000</text></g><g opacity=\\"0\\"><text style=\\"font: ;white-space:pre;\\" x=\\"149.74007168460875\\" y=\\"320.5\\" stroke=\\"none\\" fill=\\"none\\">asdasd-12312</text></g></g></g></g></svg></div></div><div class=\\"ui divider\\"></div>"`;

exports[`Chart component renders properly with no data Component renders successfully 1`] = `"<div class=\\"report-container__picker\\"><div class=\\"ant-picker ant-picker-range report_input_test\\"><div class=\\"ant-picker-input ant-picker-input-active\\"><input readonly=\\"\\" placeholder=\\"Start date\\" size=\\"12\\" autocomplete=\\"off\\" value=\\"\\"></div><div class=\\"ant-picker-range-separator\\"><span aria-label=\\"to\\" class=\\"ant-picker-separator\\"><span role=\\"img\\" aria-label=\\"swap-right\\" class=\\"anticon anticon-swap-right\\"><svg viewBox=\\"0 0 1024 1024\\" focusable=\\"false\\" class=\\"\\" data-icon=\\"swap-right\\" width=\\"1em\\" height=\\"1em\\" fill=\\"currentColor\\" aria-hidden=\\"true\\"><path d=\\"M873.1 596.2l-164-208A32 32 0 00684 376h-64.8c-6.7 0-10.4 7.7-6.3 13l144.3 183H152c-4.4 0-8 3.6-8 8v60c0 4.4 3.6 8 8 8h695.9c26.8 0 41.7-30.8 25.2-51.8z\\"></path></svg></span></span></div><div class=\\"ant-picker-input\\"><input readonly=\\"\\" placeholder=\\"End date\\" size=\\"12\\" autocomplete=\\"off\\" value=\\"\\"></div><div class=\\"ant-picker-active-bar\\" style=\\"left: 0px; width: 0px; position: absolute;\\"></div><span class=\\"ant-picker-suffix\\"><span role=\\"img\\" aria-label=\\"filter\\" class=\\"anticon anticon-filter\\"><svg viewBox=\\"64 64 896 896\\" focusable=\\"false\\" class=\\"\\" data-icon=\\"filter\\" width=\\"1em\\" height=\\"1em\\" fill=\\"currentColor\\" aria-hidden=\\"true\\"><path d=\\"M349 838c0 17.7 14.2 32 31.8 32h262.4c17.6 0 31.8-14.3 31.8-32V642H349v196zm531.1-684H143.9c-24.5 0-39.8 26.7-27.5 48l221.3 376h348.8l221.3-376c12.1-21.3-3.2-48-27.7-48z\\"></path></svg></span></span></div></div><div class=\\"ui divider\\"></div><div class=\\"transactions-form__empty\\">You don't have any transactions within the selected date range</div>"`;
