// Jest Snapshot v1, https://goo.gl/fbAQLP

exports[`Dashboard component Component renders properly 1`] = `"<form class=\\"ui form transaction-form\\"><div class=\\"fields\\"><div class=\\"eleven wide field\\"><label>Account</label><div name=\\"account\\" role=\\"listbox\\" aria-expanded=\\"false\\" class=\\"ui selection dropdown\\" tabindex=\\"0\\"><div aria-atomic=\\"true\\" aria-live=\\"polite\\" role=\\"alert\\" class=\\"divider text\\">dtrdtr</div><i aria-hidden=\\"true\\" class=\\"dropdown icon\\"></i><div class=\\"menu transition\\"><div style=\\"pointer-events: all;\\" role=\\"option\\" aria-checked=\\"true\\" aria-selected=\\"true\\" class=\\"active selected item\\"><span class=\\"text\\">dtrdtr</span></div></div></div></div><div class=\\"five wide field\\"><label>Amount</label><div class=\\"ui input\\"><input required=\\"\\" name=\\"amount\\" type=\\"number\\" value=\\"4000\\"></div></div></div><div class=\\"fields\\"><div class=\\"eleven wide field\\"><label>Tags</label><div required=\\"\\" name=\\"tags\\" role=\\"combobox\\" aria-expanded=\\"false\\" class=\\"ui multiple search selection dropdown\\"><a class=\\"ui label\\" value=\\"qw\\">qw<i aria-hidden=\\"true\\" class=\\"delete icon\\"></i></a><input aria-autocomplete=\\"list\\" autocomplete=\\"off\\" class=\\"search\\" tabindex=\\"0\\" type=\\"text\\" value=\\"\\"><span class=\\"sizer\\"></span><div aria-atomic=\\"true\\" aria-live=\\"polite\\" role=\\"alert\\" class=\\"divider text\\">Choose existing tags or add new</div><i aria-hidden=\\"true\\" class=\\"dropdown icon\\"></i><div aria-multiselectable=\\"true\\" role=\\"listbox\\" class=\\"menu transition\\"><div style=\\"pointer-events: all;\\" role=\\"option\\" aria-checked=\\"false\\" aria-selected=\\"true\\" class=\\"selected item\\"><span class=\\"text\\">rte</span></div><div style=\\"pointer-events: all;\\" role=\\"option\\" aria-checked=\\"false\\" aria-selected=\\"false\\" class=\\"item\\"><span class=\\"text\\">asdasd</span></div></div></div></div><div class=\\"five wide field transaction-form__date\\"><label>Date</label><div class=\\"field\\" style=\\"display: inline-block; position: relative;\\"><div class=\\"required field\\"><div data-testid=\\"datepicker-input\\" class=\\"ui icon input\\"><input name=\\"date\\" placeholder=\\"YYYY-MM-DD\\" required=\\"\\" type=\\"text\\" value=\\"2020-09-19\\"><i data-testid=\\"datepicker-icon\\" aria-hidden=\\"true\\" class=\\"calendar link icon\\"></i></div></div></div></div></div><div class=\\"fields\\"><div class=\\"eleven wide field\\"><div class=\\"ui input\\"><input placeholder=\\"Note\\" name=\\"note\\" type=\\"text\\" value=\\"wrerw\\"></div></div><div class=\\"five wide field\\"><button class=\\"ui fluid primary button\\">Update</button></div></div></form>"`;
