// Jest Snapshot v1, https://goo.gl/fbAQLP

exports[`Dashboard component Component renders properly 1`] = `"<div class=\\"dashboard-container\\"><h2>Accounts</h2><div class=\\"ant-collapse ant-collapse-icon-position-left\\"><div class=\\"ant-collapse-item\\"><div class=\\"ant-collapse-header\\" role=\\"button\\" tabindex=\\"0\\" aria-expanded=\\"false\\"><span role=\\"img\\" aria-label=\\"right\\" class=\\"anticon anticon-right ant-collapse-arrow\\"><svg viewBox=\\"64 64 896 896\\" focusable=\\"false\\" class=\\"\\" data-icon=\\"right\\" width=\\"1em\\" height=\\"1em\\" fill=\\"currentColor\\" aria-hidden=\\"true\\"><path d=\\"M765.7 486.8L314.9 134.7A7.97 7.97 0 00302 141v77.3c0 4.9 2.3 9.6 6.1 12.6l360 281.1-360 281.1c-3.9 3-6.1 7.7-6.1 12.6V883c0 6.7 7.7 10.4 12.9 6.3l450.8-352.1a31.96 31.96 0 000-50.4z\\"></path></svg></span>Cash<div class=\\"ant-collapse-extra\\"><span class=\\"ant-typography ant-typography-success\\">NPR. 131406817</span></div></div></div></div><br/><div><h2 class=\\"account-total\\">Total: <span class=\\"ant-typography ant-typography-success\\"><code><strong>NPR. 131406817</strong></code></span></h2><br/></div><br/><div class=\\"ui divider\\"></div><h2>Recent Transactions</h2><div class=\\"ant-table-wrapper\\"><div class=\\"ant-spin-nested-loading\\"><div class=\\"ant-spin-container\\"><div class=\\"ant-table\\"><div class=\\"ant-table-container\\"><div class=\\"ant-table-content\\"><table style=\\"table-layout:auto\\"><colgroup></colgroup><thead class=\\"ant-table-thead\\"><tr><th class=\\"ant-table-cell\\">Account</th><th class=\\"ant-table-cell\\">Transaction</th><th class=\\"ant-table-cell\\">Tags</th><th class=\\"ant-table-cell\\">Date</th><th class=\\"ant-table-cell\\">Amount</th><th class=\\"ant-table-cell\\">Action</th></tr></thead><tbody class=\\"ant-table-tbody\\"><tr data-row-key=\\"vsmynjtll1e\\" class=\\"ant-table-row ant-table-row-level-0\\"><td class=\\"ant-table-cell\\">dtrdtr</td><td class=\\"ant-table-cell\\">expense</td><td class=\\"ant-table-cell\\"><span class=\\"ant-tag ant-tag-blue\\">qw</span></td><td class=\\"ant-table-cell\\">Sep 19, 2020</td><td class=\\"ant-table-cell\\"><span class=\\"ant-typography ant-typography-danger\\">NPR. 4000</span></td><td class=\\"ant-table-cell\\"><div class=\\"ant-space ant-space-horizontal ant-space-align-center\\"><div class=\\"ant-space-item\\" style=\\"margin-right:16px\\"><button type=\\"button\\" class=\\"ant-btn editBtn ant-btn-circle ant-btn-sm ant-btn-icon-only\\"><span role=\\"img\\" aria-label=\\"edit\\" class=\\"anticon anticon-edit\\"><svg viewBox=\\"64 64 896 896\\" focusable=\\"false\\" class=\\"\\" data-icon=\\"edit\\" width=\\"1em\\" height=\\"1em\\" fill=\\"currentColor\\" aria-hidden=\\"true\\"><path d=\\"M761.1 288.3L687.8 215 325.1 577.6l-15.6 89 88.9-15.7z\\" fill=\\"#e6f7ff\\"></path><path d=\\"M880 836H144c-17.7 0-32 14.3-32 32v36c0 4.4 3.6 8 8 8h784c4.4 0 8-3.6 8-8v-36c0-17.7-14.3-32-32-32zm-622.3-84c2 0 4-.2 6-.5L431.9 722c2-.4 3.9-1.3 5.3-2.8l423.9-423.9a9.96 9.96 0 000-14.1L694.9 114.9c-1.9-1.9-4.4-2.9-7.1-2.9s-5.2 1-7.1 2.9L256.8 538.8c-1.5 1.5-2.4 3.3-2.8 5.3l-29.5 168.2a33.5 33.5 0 009.4 29.8c6.6 6.4 14.9 9.9 23.8 9.9zm67.4-174.4L687.8 215l73.3 73.3-362.7 362.6-88.9 15.7 15.6-89z\\" fill=\\"#1890ff\\"></path></svg></span></button></div><div class=\\"ant-space-item\\" style=\\"margin-right:16px\\"><button type=\\"button\\" class=\\"ant-btn deleteBtn ant-btn-circle ant-btn-sm ant-btn-icon-only\\"><span role=\\"img\\" aria-label=\\"delete\\" class=\\"anticon anticon-delete\\"><svg viewBox=\\"64 64 896 896\\" focusable=\\"false\\" class=\\"\\" data-icon=\\"delete\\" width=\\"1em\\" height=\\"1em\\" fill=\\"currentColor\\" aria-hidden=\\"true\\"><path d=\\"M292.7 840h438.6l24.2-512h-487z\\" fill=\\"#e6f7ff\\"></path><path d=\\"M864 256H736v-80c0-35.3-28.7-64-64-64H352c-35.3 0-64 28.7-64 64v80H160c-17.7 0-32 14.3-32 32v32c0 4.4 3.6 8 8 8h60.4l24.7 523c1.6 34.1 29.8 61 63.9 61h454c34.2 0 62.3-26.8 63.9-61l24.7-523H888c4.4 0 8-3.6 8-8v-32c0-17.7-14.3-32-32-32zm-504-72h304v72H360v-72zm371.3 656H292.7l-24.2-512h487l-24.2 512z\\" fill=\\"#1890ff\\"></path></svg></span></button></div><div class=\\"ant-space-item\\"><span role=\\"img\\" aria-label=\\"info-circle\\" style=\\"font-size:20px;color:#1890ff\\" tabindex=\\"-1\\" class=\\"anticon anticon-info-circle\\"><svg viewBox=\\"64 64 896 896\\" focusable=\\"false\\" class=\\"\\" data-icon=\\"info-circle\\" width=\\"1em\\" height=\\"1em\\" fill=\\"currentColor\\" aria-hidden=\\"true\\"><path d=\\"M512 64C264.6 64 64 264.6 64 512s200.6 448 448 448 448-200.6 448-448S759.4 64 512 64zm0 820c-205.4 0-372-166.6-372-372s166.6-372 372-372 372 166.6 372 372-166.6 372-372 372z\\" fill=\\"#1890ff\\"></path><path d=\\"M512 140c-205.4 0-372 166.6-372 372s166.6 372 372 372 372-166.6 372-372-166.6-372-372-372zm32 588c0 4.4-3.6 8-8 8h-48c-4.4 0-8-3.6-8-8V456c0-4.4 3.6-8 8-8h48c4.4 0 8 3.6 8 8v272zm-32-344a48.01 48.01 0 010-96 48.01 48.01 0 010 96z\\" fill=\\"#e6f7ff\\"></path><path d=\\"M464 336a48 48 0 1096 0 48 48 0 10-96 0zm72 112h-48c-4.4 0-8 3.6-8 8v272c0 4.4 3.6 8 8 8h48c4.4 0 8-3.6 8-8V456c0-4.4-3.6-8-8-8z\\" fill=\\"#1890ff\\"></path></svg></span></div></div></td></tr><tr data-row-key=\\"ul3db7uhzw\\" class=\\"ant-table-row ant-table-row-level-0\\"><td class=\\"ant-table-cell\\">dtrdtr</td><td class=\\"ant-table-cell\\">income</td><td class=\\"ant-table-cell\\"><span class=\\"ant-tag ant-tag-blue\\">qw</span></td><td class=\\"ant-table-cell\\">Sep 16, 2020</td><td class=\\"ant-table-cell\\"><span class=\\"ant-typography ant-typography-success\\">NPR. 4000</span></td><td class=\\"ant-table-cell\\"><div class=\\"ant-space ant-space-horizontal ant-space-align-center\\"><div class=\\"ant-space-item\\" style=\\"margin-right:16px\\"><button type=\\"button\\" class=\\"ant-btn editBtn ant-btn-circle ant-btn-sm ant-btn-icon-only\\"><span role=\\"img\\" aria-label=\\"edit\\" class=\\"anticon anticon-edit\\"><svg viewBox=\\"64 64 896 896\\" focusable=\\"false\\" class=\\"\\" data-icon=\\"edit\\" width=\\"1em\\" height=\\"1em\\" fill=\\"currentColor\\" aria-hidden=\\"true\\"><path d=\\"M761.1 288.3L687.8 215 325.1 577.6l-15.6 89 88.9-15.7z\\" fill=\\"#e6f7ff\\"></path><path d=\\"M880 836H144c-17.7 0-32 14.3-32 32v36c0 4.4 3.6 8 8 8h784c4.4 0 8-3.6 8-8v-36c0-17.7-14.3-32-32-32zm-622.3-84c2 0 4-.2 6-.5L431.9 722c2-.4 3.9-1.3 5.3-2.8l423.9-423.9a9.96 9.96 0 000-14.1L694.9 114.9c-1.9-1.9-4.4-2.9-7.1-2.9s-5.2 1-7.1 2.9L256.8 538.8c-1.5 1.5-2.4 3.3-2.8 5.3l-29.5 168.2a33.5 33.5 0 009.4 29.8c6.6 6.4 14.9 9.9 23.8 9.9zm67.4-174.4L687.8 215l73.3 73.3-362.7 362.6-88.9 15.7 15.6-89z\\" fill=\\"#1890ff\\"></path></svg></span></button></div><div class=\\"ant-space-item\\" style=\\"margin-right:16px\\"><button type=\\"button\\" class=\\"ant-btn deleteBtn ant-btn-circle ant-btn-sm ant-btn-icon-only\\"><span role=\\"img\\" aria-label=\\"delete\\" class=\\"anticon anticon-delete\\"><svg viewBox=\\"64 64 896 896\\" focusable=\\"false\\" class=\\"\\" data-icon=\\"delete\\" width=\\"1em\\" height=\\"1em\\" fill=\\"currentColor\\" aria-hidden=\\"true\\"><path d=\\"M292.7 840h438.6l24.2-512h-487z\\" fill=\\"#e6f7ff\\"></path><path d=\\"M864 256H736v-80c0-35.3-28.7-64-64-64H352c-35.3 0-64 28.7-64 64v80H160c-17.7 0-32 14.3-32 32v32c0 4.4 3.6 8 8 8h60.4l24.7 523c1.6 34.1 29.8 61 63.9 61h454c34.2 0 62.3-26.8 63.9-61l24.7-523H888c4.4 0 8-3.6 8-8v-32c0-17.7-14.3-32-32-32zm-504-72h304v72H360v-72zm371.3 656H292.7l-24.2-512h487l-24.2 512z\\" fill=\\"#1890ff\\"></path></svg></span></button></div><div class=\\"ant-space-item\\"><span role=\\"img\\" aria-label=\\"info-circle\\" style=\\"font-size:20px;color:#1890ff\\" tabindex=\\"-1\\" class=\\"anticon anticon-info-circle\\"><svg viewBox=\\"64 64 896 896\\" focusable=\\"false\\" class=\\"\\" data-icon=\\"info-circle\\" width=\\"1em\\" height=\\"1em\\" fill=\\"currentColor\\" aria-hidden=\\"true\\"><path d=\\"M512 64C264.6 64 64 264.6 64 512s200.6 448 448 448 448-200.6 448-448S759.4 64 512 64zm0 820c-205.4 0-372-166.6-372-372s166.6-372 372-372 372 166.6 372 372-166.6 372-372 372z\\" fill=\\"#1890ff\\"></path><path d=\\"M512 140c-205.4 0-372 166.6-372 372s166.6 372 372 372 372-166.6 372-372-166.6-372-372-372zm32 588c0 4.4-3.6 8-8 8h-48c-4.4 0-8-3.6-8-8V456c0-4.4 3.6-8 8-8h48c4.4 0 8 3.6 8 8v272zm-32-344a48.01 48.01 0 010-96 48.01 48.01 0 010 96z\\" fill=\\"#e6f7ff\\"></path><path d=\\"M464 336a48 48 0 1096 0 48 48 0 10-96 0zm72 112h-48c-4.4 0-8 3.6-8 8v272c0 4.4 3.6 8 8 8h48c4.4 0 8-3.6 8-8V456c0-4.4-3.6-8-8-8z\\" fill=\\"#1890ff\\"></path></svg></span></div></div></td></tr><tr data-row-key=\\"ji26szpwofq\\" class=\\"ant-table-row ant-table-row-level-0\\"><td class=\\"ant-table-cell\\">dtrdtr</td><td class=\\"ant-table-cell\\">expense</td><td class=\\"ant-table-cell\\"><span class=\\"ant-tag ant-tag-blue\\">asdasd</span></td><td class=\\"ant-table-cell\\">Sep 12, 2020</td><td class=\\"ant-table-cell\\"><span class=\\"ant-typography ant-typography-danger\\">NPR. 12312</span></td><td class=\\"ant-table-cell\\"><div class=\\"ant-space ant-space-horizontal ant-space-align-center\\"><div class=\\"ant-space-item\\" style=\\"margin-right:16px\\"><button type=\\"button\\" class=\\"ant-btn editBtn ant-btn-circle ant-btn-sm ant-btn-icon-only\\"><span role=\\"img\\" aria-label=\\"edit\\" class=\\"anticon anticon-edit\\"><svg viewBox=\\"64 64 896 896\\" focusable=\\"false\\" class=\\"\\" data-icon=\\"edit\\" width=\\"1em\\" height=\\"1em\\" fill=\\"currentColor\\" aria-hidden=\\"true\\"><path d=\\"M761.1 288.3L687.8 215 325.1 577.6l-15.6 89 88.9-15.7z\\" fill=\\"#e6f7ff\\"></path><path d=\\"M880 836H144c-17.7 0-32 14.3-32 32v36c0 4.4 3.6 8 8 8h784c4.4 0 8-3.6 8-8v-36c0-17.7-14.3-32-32-32zm-622.3-84c2 0 4-.2 6-.5L431.9 722c2-.4 3.9-1.3 5.3-2.8l423.9-423.9a9.96 9.96 0 000-14.1L694.9 114.9c-1.9-1.9-4.4-2.9-7.1-2.9s-5.2 1-7.1 2.9L256.8 538.8c-1.5 1.5-2.4 3.3-2.8 5.3l-29.5 168.2a33.5 33.5 0 009.4 29.8c6.6 6.4 14.9 9.9 23.8 9.9zm67.4-174.4L687.8 215l73.3 73.3-362.7 362.6-88.9 15.7 15.6-89z\\" fill=\\"#1890ff\\"></path></svg></span></button></div><div class=\\"ant-space-item\\" style=\\"margin-right:16px\\"><button type=\\"button\\" class=\\"ant-btn deleteBtn ant-btn-circle ant-btn-sm ant-btn-icon-only\\"><span role=\\"img\\" aria-label=\\"delete\\" class=\\"anticon anticon-delete\\"><svg viewBox=\\"64 64 896 896\\" focusable=\\"false\\" class=\\"\\" data-icon=\\"delete\\" width=\\"1em\\" height=\\"1em\\" fill=\\"currentColor\\" aria-hidden=\\"true\\"><path d=\\"M292.7 840h438.6l24.2-512h-487z\\" fill=\\"#e6f7ff\\"></path><path d=\\"M864 256H736v-80c0-35.3-28.7-64-64-64H352c-35.3 0-64 28.7-64 64v80H160c-17.7 0-32 14.3-32 32v32c0 4.4 3.6 8 8 8h60.4l24.7 523c1.6 34.1 29.8 61 63.9 61h454c34.2 0 62.3-26.8 63.9-61l24.7-523H888c4.4 0 8-3.6 8-8v-32c0-17.7-14.3-32-32-32zm-504-72h304v72H360v-72zm371.3 656H292.7l-24.2-512h487l-24.2 512z\\" fill=\\"#1890ff\\"></path></svg></span></button></div><div class=\\"ant-space-item\\"><span role=\\"img\\" aria-label=\\"info-circle\\" style=\\"font-size:20px;color:#1890ff\\" tabindex=\\"-1\\" class=\\"anticon anticon-info-circle\\"><svg viewBox=\\"64 64 896 896\\" focusable=\\"false\\" class=\\"\\" data-icon=\\"info-circle\\" width=\\"1em\\" height=\\"1em\\" fill=\\"currentColor\\" aria-hidden=\\"true\\"><path d=\\"M512 64C264.6 64 64 264.6 64 512s200.6 448 448 448 448-200.6 448-448S759.4 64 512 64zm0 820c-205.4 0-372-166.6-372-372s166.6-372 372-372 372 166.6 372 372-166.6 372-372 372z\\" fill=\\"#1890ff\\"></path><path d=\\"M512 140c-205.4 0-372 166.6-372 372s166.6 372 372 372 372-166.6 372-372-166.6-372-372-372zm32 588c0 4.4-3.6 8-8 8h-48c-4.4 0-8-3.6-8-8V456c0-4.4 3.6-8 8-8h48c4.4 0 8 3.6 8 8v272zm-32-344a48.01 48.01 0 010-96 48.01 48.01 0 010 96z\\" fill=\\"#e6f7ff\\"></path><path d=\\"M464 336a48 48 0 1096 0 48 48 0 10-96 0zm72 112h-48c-4.4 0-8 3.6-8 8v272c0 4.4 3.6 8 8 8h48c4.4 0 8-3.6 8-8V456c0-4.4-3.6-8-8-8z\\" fill=\\"#1890ff\\"></path></svg></span></div></div></td></tr></tbody></table></div></div></div><ul class=\\"ant-pagination ant-table-pagination ant-table-pagination-right\\" unselectable=\\"unselectable\\"><li title=\\"Previous Page\\" class=\\"ant-pagination-prev ant-pagination-disabled\\" aria-disabled=\\"true\\"><button class=\\"ant-pagination-item-link\\" type=\\"button\\" tabindex=\\"-1\\" disabled=\\"\\"><span role=\\"img\\" aria-label=\\"left\\" class=\\"anticon anticon-left\\"><svg viewBox=\\"64 64 896 896\\" focusable=\\"false\\" class=\\"\\" data-icon=\\"left\\" width=\\"1em\\" height=\\"1em\\" fill=\\"currentColor\\" aria-hidden=\\"true\\"><path d=\\"M724 218.3V141c0-6.7-7.7-10.4-12.9-6.3L260.3 486.8a31.86 31.86 0 000 50.3l450.8 352.1c5.3 4.1 12.9.4 12.9-6.3v-77.3c0-4.9-2.3-9.6-6.1-12.6l-360-281 360-281.1c3.8-3 6.1-7.7 6.1-12.6z\\"></path></svg></span></button></li><li title=\\"1\\" class=\\"ant-pagination-item ant-pagination-item-1 ant-pagination-item-active\\" tabindex=\\"0\\"><a rel=\\"nofollow\\">1</a></li><li title=\\"Next Page\\" class=\\"ant-pagination-next ant-pagination-disabled\\" aria-disabled=\\"true\\"><button class=\\"ant-pagination-item-link\\" type=\\"button\\" tabindex=\\"-1\\" disabled=\\"\\"><span role=\\"img\\" aria-label=\\"right\\" class=\\"anticon anticon-right\\"><svg viewBox=\\"64 64 896 896\\" focusable=\\"false\\" class=\\"\\" data-icon=\\"right\\" width=\\"1em\\" height=\\"1em\\" fill=\\"currentColor\\" aria-hidden=\\"true\\"><path d=\\"M765.7 486.8L314.9 134.7A7.97 7.97 0 00302 141v77.3c0 4.9 2.3 9.6 6.1 12.6l360 281.1-360 281.1c-3.9 3-6.1 7.7-6.1 12.6V883c0 6.7 7.7 10.4 12.9 6.3l450.8-352.1a31.96 31.96 0 000-50.4z\\"></path></svg></span></button></li></ul></div></div></div></div>"`;
