// Jest Snapshot v1, https://goo.gl/fbAQLP

exports[`Dashboard component Component renders properly 1`] = `"<div><h2 class=\\"account-total\\">Total: <span class=\\"ant-typography\\"><code><strong>NPR. 131406817</strong></code></span></h2><br/></div>"`;
