// Jest Snapshot v1, https://goo.gl/fbAQLP

exports[`AccountForm component Component renders properly 1`] = `"<form class=\\"ui form account-form\\"><div class=\\"fields\\"><div class=\\"required eight wide field\\"><label>Name</label><div class=\\"ui input\\"><input name=\\"name\\" placeholder=\\"Account name\\" required=\\"\\" type=\\"text\\" value=\\"\\"></div></div><div class=\\"eight wide field\\"><label>Type</label><div name=\\"type\\" role=\\"listbox\\" aria-expanded=\\"false\\" class=\\"ui selection dropdown\\" tabindex=\\"0\\"><div aria-atomic=\\"true\\" aria-live=\\"polite\\" role=\\"alert\\" class=\\"divider text\\">Cash</div><i aria-hidden=\\"true\\" class=\\"dropdown icon\\"></i><div class=\\"menu transition\\"><div style=\\"pointer-events: all;\\" role=\\"option\\" aria-checked=\\"true\\" aria-selected=\\"true\\" class=\\"active selected item\\"><span class=\\"text\\">Cash</span></div><div style=\\"pointer-events: all;\\" role=\\"option\\" aria-checked=\\"false\\" aria-selected=\\"false\\" class=\\"item\\"><span class=\\"text\\">Bank Account</span></div><div style=\\"pointer-events: all;\\" role=\\"option\\" aria-checked=\\"false\\" aria-selected=\\"false\\" class=\\"item\\"><span class=\\"text\\">Credit</span></div><div style=\\"pointer-events: all;\\" role=\\"option\\" aria-checked=\\"false\\" aria-selected=\\"false\\" class=\\"item\\"><span class=\\"text\\">Deposit</span></div><div style=\\"pointer-events: all;\\" role=\\"option\\" aria-checked=\\"false\\" aria-selected=\\"false\\" class=\\"item\\"><span class=\\"text\\">Asset</span></div></div></div></div></div><div class=\\"eight wide field\\"><label>Balance</label><div class=\\"ui input\\"><input placeholder=\\"Balance\\" name=\\"balance\\" type=\\"number\\" value=\\"\\"></div></div><div class=\\"field\\"><button class=\\"ui primary button\\">Save Account</button></div></form>"`;
